Configuration on demand is an incubating feature.
> Task :app:preBuild UP-TO-DATE
> Task :modules:book:preBuild UP-TO-DATE
> Task :app:preAppReleaseBuild UP-TO-DATE
> Task :modules:book:preReleaseBuild UP-TO-DATE
> Task :modules:rhino:preBuild UP-TO-DATE
> Task :modules:rhino:preReleaseBuild UP-TO-DATE
> Task :modules:rhino:mergeReleaseJniLibFolders UP-TO-DATE
> Task :app:mergeAppReleaseJniLibFolders UP-TO-DATE
> Task :modules:book:mergeReleaseJniLibFolders UP-TO-DATE
> Task :app:buildKotlinToolingMetadata UP-TO-DATE
> Task :modules:book:mergeReleaseNativeLibs NO-SOURCE
> Task :modules:rhino:mergeReleaseNativeLibs NO-SOURCE
> Task :modules:rhino:copyReleaseJniLibsProjectOnly UP-TO-DATE
> Task :modules:book:copyReleaseJniLibsProjectOnly UP-TO-DATE
> Task :modules:rhino:prepareReleaseArtProfile UP-TO-DATE
> Task :modules:book:prepareReleaseArtProfile UP-TO-DATE
> Task :modules:rhino:checkKotlinGradlePluginConfigurationErrors SKIPPED
> Task :modules:book:checkKotlinGradlePluginConfigurationErrors SKIPPED
> Task :modules:book:generateReleaseResources UP-TO-DATE
> Task :modules:rhino:generateReleaseResources UP-TO-DATE
> Task :modules:book:packageReleaseResources UP-TO-DATE
> Task :modules:rhino:packageReleaseResources UP-TO-DATE
> Task :modules:rhino:processReleaseNavigationResources UP-TO-DATE
> Task :modules:book:processReleaseNavigationResources UP-TO-DATE
> Task :modules:rhino:parseReleaseLocalResources UP-TO-DATE
> Task :modules:book:parseReleaseLocalResources UP-TO-DATE
> Task :modules:book:generateReleaseRFile UP-TO-DATE
> Task :modules:rhino:generateReleaseRFile UP-TO-DATE
> Task :modules:book:compileReleaseKotlin NO-SOURCE
> Task :modules:book:javaPreCompileRelease UP-TO-DATE
> Task :modules:book:compileReleaseJavaWithJavac UP-TO-DATE
> Task :modules:book:mergeReleaseGeneratedProguardFiles UP-TO-DATE
> Task :modules:book:exportReleaseConsumerProguardFiles UP-TO-DATE
> Task :modules:book:writeReleaseAarMetadata UP-TO-DATE
> Task :modules:book:extractDeepLinksRelease UP-TO-DATE
> Task :modules:book:processReleaseManifest UP-TO-DATE
> Task :modules:book:bundleLibCompileToJarRelease UP-TO-DATE
> Task :modules:book:bundleLibRuntimeToJarRelease UP-TO-DATE
> Task :modules:book:processReleaseJavaRes UP-TO-DATE
> Task :modules:book:generateReleaseAssets UP-TO-DATE
> Task :modules:book:mergeReleaseAssets UP-TO-DATE
> Task :modules:book:createFullJarRelease UP-TO-DATE
> Task :modules:book:extractProguardFiles UP-TO-DATE
> Task :modules:rhino:compileReleaseKotlin UP-TO-DATE
> Task :modules:rhino:javaPreCompileRelease UP-TO-DATE
> Task :modules:rhino:compileReleaseJavaWithJavac NO-SOURCE
> Task :modules:rhino:mergeReleaseGeneratedProguardFiles UP-TO-DATE
> Task :modules:book:generateReleaseLintModel UP-TO-DATE
> Task :modules:book:prepareLintJarForPublish UP-TO-DATE
> Task :modules:rhino:exportReleaseConsumerProguardFiles UP-TO-DATE
> Task :modules:book:checkReleaseAarMetadata UP-TO-DATE
> Task :modules:rhino:writeReleaseAarMetadata UP-TO-DATE
> Task :modules:book:stripReleaseDebugSymbols NO-SOURCE
> Task :modules:rhino:extractDeepLinksRelease UP-TO-DATE
> Task :modules:book:copyReleaseJniLibsProjectAndLocalJars UP-TO-DATE
> Task :modules:book:extractDeepLinksForAarRelease UP-TO-DATE
> Task :modules:rhino:processReleaseManifest UP-TO-DATE
> Task :modules:rhino:bundleLibCompileToJarRelease UP-TO-DATE
> Task :modules:rhino:bundleLibRuntimeToJarRelease UP-TO-DATE
> Task :modules:rhino:processReleaseJavaRes UP-TO-DATE
> Task :modules:rhino:generateReleaseAssets UP-TO-DATE
> Task :modules:rhino:mergeReleaseAssets UP-TO-DATE
> Task :modules:rhino:createFullJarRelease UP-TO-DATE
> Task :modules:rhino:extractProguardFiles UP-TO-DATE
> Task :modules:rhino:generateReleaseLintModel UP-TO-DATE
> Task :modules:rhino:prepareLintJarForPublish UP-TO-DATE
> Task :modules:rhino:checkReleaseAarMetadata UP-TO-DATE
> Task :modules:rhino:stripReleaseDebugSymbols NO-SOURCE
> Task :modules:rhino:copyReleaseJniLibsProjectAndLocalJars UP-TO-DATE
> Task :modules:rhino:extractDeepLinksForAarRelease UP-TO-DATE
> Task :modules:book:extractReleaseAnnotations UP-TO-DATE
> Task :modules:book:mergeReleaseConsumerProguardFiles UP-TO-DATE
> Task :modules:book:mergeReleaseJavaResource UP-TO-DATE
> Task :modules:book:syncReleaseLibJars UP-TO-DATE
> Task :modules:book:bundleReleaseLocalLintAar UP-TO-DATE
> Task :modules:rhino:extractReleaseAnnotations UP-TO-DATE
> Task :modules:rhino:mergeReleaseConsumerProguardFiles UP-TO-DATE
> Task :modules:rhino:mergeReleaseJavaResource UP-TO-DATE
> Task :modules:rhino:syncReleaseLibJars UP-TO-DATE
> Task :modules:book:lintVitalAnalyzeRelease FROM-CACHE
> Task :modules:rhino:bundleReleaseLocalLintAar UP-TO-DATE
> Task :modules:book:writeReleaseLintModelMetadata UP-TO-DATE
> Task :modules:book:generateReleaseLintVitalModel UP-TO-DATE
> Task :app:checkAppReleaseDuplicateClasses UP-TO-DATE
> Task :modules:rhino:lintVitalAnalyzeRelease FROM-CACHE
> Task :modules:rhino:writeReleaseLintModelMetadata UP-TO-DATE
> Task :modules:rhino:generateReleaseLintVitalModel UP-TO-DATE
> Task :app:mergeAppReleaseNativeLibs UP-TO-DATE
> Task :app:stripAppReleaseDebugSymbols UP-TO-DATE
> Task :app:extractAppReleaseNativeSymbolTables UP-TO-DATE
> Task :app:mergeAppReleaseNativeDebugMetadata NO-SOURCE
> Task :app:mergeAppReleaseArtProfile UP-TO-DATE
> Task :app:expandAppReleaseL8ArtProfileWildcards UP-TO-DATE
> Task :app:checkKotlinGradlePluginConfigurationErrors SKIPPED
> Task :app:dataBindingMergeDependencyArtifactsAppRelease UP-TO-DATE
> Task :app:generateAppReleaseResources UP-TO-DATE
> Task :app:processAppReleaseGoogleServices UP-TO-DATE
> Task :app:mergeAppReleaseResources UP-TO-DATE
> Task :app:packageAppReleaseResources UP-TO-DATE
> Task :app:processAppReleaseNavigationResources UP-TO-DATE
> Task :app:parseAppReleaseLocalResources UP-TO-DATE
> Task :app:dataBindingGenBaseClassesAppRelease UP-TO-DATE
> Task :app:generateAppReleaseBuildConfig
> Task :app:checkAppReleaseAarMetadata UP-TO-DATE
> Task :app:compileAppReleaseNavigationResources UP-TO-DATE
> Task :app:mapAppReleaseSourceSetPaths UP-TO-DATE
> Task :app:createAppReleaseCompatibleScreenManifests
> Task :app:extractDeepLinksAppRelease UP-TO-DATE
> Task :app:processAppReleaseMainManifest
> Task :app:processAppReleaseManifest
> Task :app:javaPreCompileAppRelease UP-TO-DATE
> Task :app:extractProguardFiles UP-TO-DATE
> Task :app:mergeAppReleaseStartupProfile UP-TO-DATE
> Task :app:generateAppReleaseAssets UP-TO-DATE
> Task :app:mergeAppReleaseAssets UP-TO-DATE
> Task :app:compressAppReleaseAssets UP-TO-DATE
> Task :app:extractAppReleaseVersionControlInfo
> Task :app:collectAppReleaseDependencies UP-TO-DATE
> Task :app:sdkAppReleaseDependencyData UP-TO-DATE
> Task :app:validateSigningAppRelease UP-TO-DATE
> Task :app:writeAppReleaseAppMetadata UP-TO-DATE
> Task :app:writeAppReleaseSigningConfigVersions UP-TO-DATE
> Task :app:processAppReleaseManifestForPackage
> Task :app:processAppReleaseResources
> Task :app:kspAppReleaseKotlin

> Task :app:compileAppReleaseKotlin
w: file:///workspace/app/src/main/java/io/legado/app/App.kt:74:25 'static fun setThreadAssertsDisabledForTesting(disabled: Boolean): Unit' is deprecated. Deprecated in Java.

> Task :app:compileAppReleaseJavaWithJavac
> Task :app:mergeAppReleaseGeneratedProguardFiles UP-TO-DATE
> Task :app:processAppReleaseJavaRes UP-TO-DATE
> Task :app:mergeAppReleaseJavaResource UP-TO-DATE
> Task :app:copyRoomSchemas NO-SOURCE
> Task :app:generateAppReleaseLintVitalReportModel
> Task :app:expandAppReleaseArtProfileWildcards
> Task :app:lintVitalAnalyzeAppRelease
> Task :app:minifyAppReleaseWithR8
> Task :app:convertShrunkResourcesToBinaryAppRelease
> Task :app:optimizeAppReleaseResources
> Task :app:l8DexDesugarLibAppRelease
> Task :app:compileAppReleaseArtProfile
> Task :app:lintVitalReportAppRelease
> Task :app:lintVitalAppRelease
> Task :app:packageAppRelease
> Task :app:createAppReleaseApkListingFileRedirect
> Task :app:assembleAppRelease

[Incubating] Problems report is available at: file:///workspace/build/reports/problems/problems-report.html

Deprecated Gradle features were used in this build, making it incompatible with Gradle 9.0.

You can use '--warning-mode all' to show the individual deprecation warnings and determine if they come from your own scripts or plugins.

For more on this, please refer to https://docs.gradle.org/8.14.3/userguide/command_line_interface.html#sec:command_line_warnings in the Gradle documentation.

BUILD SUCCESSFUL in 2m 43s
123 actionable tasks: 22 executed, 2 from cache, 99 up-to-date
Configuration on demand is an incubating feature.
> Task :modules:rhino:preBuild UP-TO-DATE
> Task :modules:rhino:preReleaseBuild UP-TO-DATE
> Task :app:preBuild UP-TO-DATE
> Task :app:preAppReleaseBuild UP-TO-DATE
> Task :modules:book:preBuild UP-TO-DATE
> Task :modules:rhino:mergeReleaseJniLibFolders UP-TO-DATE
> Task :modules:book:preReleaseBuild UP-TO-DATE
> Task :app:mergeAppReleaseJniLibFolders UP-TO-DATE
> Task :modules:rhino:mergeReleaseNativeLibs NO-SOURCE
> Task :modules:book:mergeReleaseJniLibFolders UP-TO-DATE
> Task :app:buildKotlinToolingMetadata UP-TO-DATE
> Task :modules:rhino:copyReleaseJniLibsProjectOnly UP-TO-DATE
> Task :modules:book:mergeReleaseNativeLibs NO-SOURCE
> Task :modules:book:copyReleaseJniLibsProjectOnly UP-TO-DATE
> Task :modules:rhino:prepareReleaseArtProfile UP-TO-DATE
> Task :modules:rhino:checkKotlinGradlePluginConfigurationErrors SKIPPED
> Task :modules:book:prepareReleaseArtProfile UP-TO-DATE
> Task :modules:book:checkKotlinGradlePluginConfigurationErrors SKIPPED
> Task :modules:rhino:generateReleaseResources UP-TO-DATE
> Task :modules:book:generateReleaseResources UP-TO-DATE
> Task :modules:book:packageReleaseResources UP-TO-DATE
> Task :modules:rhino:packageReleaseResources UP-TO-DATE
> Task :modules:rhino:processReleaseNavigationResources UP-TO-DATE
> Task :modules:book:processReleaseNavigationResources UP-TO-DATE
> Task :modules:rhino:parseReleaseLocalResources UP-TO-DATE
> Task :modules:book:parseReleaseLocalResources UP-TO-DATE
> Task :modules:rhino:generateReleaseRFile UP-TO-DATE
> Task :modules:book:generateReleaseRFile UP-TO-DATE
> Task :modules:book:compileReleaseKotlin NO-SOURCE
> Task :modules:book:javaPreCompileRelease UP-TO-DATE
> Task :modules:book:compileReleaseJavaWithJavac UP-TO-DATE
> Task :modules:book:mergeReleaseGeneratedProguardFiles UP-TO-DATE
> Task :modules:book:exportReleaseConsumerProguardFiles UP-TO-DATE
> Task :modules:book:writeReleaseAarMetadata UP-TO-DATE
> Task :modules:book:extractDeepLinksRelease UP-TO-DATE
> Task :modules:book:processReleaseManifest UP-TO-DATE
> Task :modules:book:bundleLibCompileToJarRelease UP-TO-DATE
> Task :modules:book:bundleLibRuntimeToJarRelease UP-TO-DATE
> Task :modules:book:processReleaseJavaRes UP-TO-DATE
> Task :modules:book:generateReleaseAssets UP-TO-DATE
> Task :modules:book:mergeReleaseAssets UP-TO-DATE
> Task :modules:book:createFullJarRelease UP-TO-DATE
> Task :modules:book:extractProguardFiles UP-TO-DATE
> Task :modules:book:generateReleaseLintModel UP-TO-DATE
> Task :modules:book:prepareLintJarForPublish UP-TO-DATE
> Task :modules:book:checkReleaseAarMetadata UP-TO-DATE
> Task :modules:book:stripReleaseDebugSymbols NO-SOURCE
> Task :modules:book:copyReleaseJniLibsProjectAndLocalJars UP-TO-DATE
> Task :modules:book:extractDeepLinksForAarRelease UP-TO-DATE
> Task :modules:rhino:compileReleaseKotlin UP-TO-DATE
> Task :modules:rhino:javaPreCompileRelease UP-TO-DATE
> Task :modules:rhino:compileReleaseJavaWithJavac NO-SOURCE
> Task :modules:rhino:mergeReleaseGeneratedProguardFiles UP-TO-DATE
> Task :modules:rhino:exportReleaseConsumerProguardFiles UP-TO-DATE
> Task :modules:rhino:writeReleaseAarMetadata UP-TO-DATE
> Task :modules:rhino:extractDeepLinksRelease UP-TO-DATE
> Task :modules:rhino:processReleaseManifest UP-TO-DATE
> Task :modules:rhino:bundleLibCompileToJarRelease UP-TO-DATE
> Task :modules:rhino:bundleLibRuntimeToJarRelease UP-TO-DATE
> Task :modules:rhino:processReleaseJavaRes UP-TO-DATE
> Task :modules:rhino:generateReleaseAssets UP-TO-DATE
> Task :modules:rhino:mergeReleaseAssets UP-TO-DATE
> Task :modules:rhino:createFullJarRelease UP-TO-DATE
> Task :modules:rhino:extractProguardFiles UP-TO-DATE
> Task :modules:rhino:generateReleaseLintModel UP-TO-DATE
> Task :modules:rhino:prepareLintJarForPublish UP-TO-DATE
> Task :modules:rhino:checkReleaseAarMetadata UP-TO-DATE
> Task :modules:rhino:stripReleaseDebugSymbols NO-SOURCE
> Task :modules:rhino:copyReleaseJniLibsProjectAndLocalJars UP-TO-DATE
> Task :modules:rhino:extractDeepLinksForAarRelease UP-TO-DATE
> Task :modules:book:extractReleaseAnnotations UP-TO-DATE
> Task :modules:book:mergeReleaseConsumerProguardFiles UP-TO-DATE
> Task :modules:book:mergeReleaseJavaResource UP-TO-DATE
> Task :modules:rhino:extractReleaseAnnotations UP-TO-DATE
> Task :modules:book:syncReleaseLibJars UP-TO-DATE
> Task :modules:rhino:mergeReleaseConsumerProguardFiles UP-TO-DATE
> Task :modules:rhino:mergeReleaseJavaResource UP-TO-DATE
> Task :modules:book:bundleReleaseLocalLintAar UP-TO-DATE
> Task :modules:rhino:syncReleaseLibJars UP-TO-DATE
> Task :modules:rhino:bundleReleaseLocalLintAar UP-TO-DATE
> Task :modules:book:lintVitalAnalyzeRelease UP-TO-DATE
> Task :modules:book:writeReleaseLintModelMetadata UP-TO-DATE
> Task :modules:book:generateReleaseLintVitalModel UP-TO-DATE
> Task :modules:rhino:lintVitalAnalyzeRelease UP-TO-DATE
> Task :modules:rhino:writeReleaseLintModelMetadata UP-TO-DATE
> Task :modules:rhino:generateReleaseLintVitalModel UP-TO-DATE
> Task :app:checkAppReleaseDuplicateClasses UP-TO-DATE
> Task :app:mergeAppReleaseNativeLibs UP-TO-DATE
> Task :app:stripAppReleaseDebugSymbols UP-TO-DATE
> Task :app:extractAppReleaseNativeSymbolTables UP-TO-DATE
> Task :app:mergeAppReleaseNativeDebugMetadata NO-SOURCE
> Task :app:mergeAppReleaseArtProfile UP-TO-DATE
> Task :app:expandAppReleaseL8ArtProfileWildcards UP-TO-DATE
> Task :app:checkKotlinGradlePluginConfigurationErrors SKIPPED
> Task :app:dataBindingMergeDependencyArtifactsAppRelease UP-TO-DATE
> Task :app:generateAppReleaseResources UP-TO-DATE
> Task :app:processAppReleaseGoogleServices UP-TO-DATE
> Task :app:mergeAppReleaseResources UP-TO-DATE
> Task :app:packageAppReleaseResources UP-TO-DATE
> Task :app:processAppReleaseNavigationResources UP-TO-DATE
> Task :app:parseAppReleaseLocalResources UP-TO-DATE
> Task :app:dataBindingGenBaseClassesAppRelease UP-TO-DATE
> Task :app:generateAppReleaseBuildConfig
> Task :app:checkAppReleaseAarMetadata UP-TO-DATE
> Task :app:compileAppReleaseNavigationResources UP-TO-DATE
> Task :app:mapAppReleaseSourceSetPaths UP-TO-DATE
> Task :app:createAppReleaseCompatibleScreenManifests
> Task :app:extractDeepLinksAppRelease UP-TO-DATE
> Task :app:processAppReleaseMainManifest
> Task :app:processAppReleaseManifest
> Task :app:javaPreCompileAppRelease UP-TO-DATE
> Task :app:extractProguardFiles UP-TO-DATE
> Task :app:mergeAppReleaseStartupProfile UP-TO-DATE
> Task :app:generateAppReleaseAssets UP-TO-DATE
> Task :app:mergeAppReleaseAssets UP-TO-DATE
> Task :app:compressAppReleaseAssets UP-TO-DATE
> Task :app:extractAppReleaseVersionControlInfo
> Task :app:collectAppReleaseDependencies UP-TO-DATE
> Task :app:sdkAppReleaseDependencyData UP-TO-DATE
> Task :app:validateSigningAppRelease UP-TO-DATE
> Task :app:writeAppReleaseAppMetadata UP-TO-DATE
> Task :app:writeAppReleaseSigningConfigVersions UP-TO-DATE
> Task :app:processAppReleaseManifestForPackage
> Task :app:processAppReleaseResources
> Task :app:kspAppReleaseKotlin

> Task :app:compileAppReleaseKotlin FAILED
e: file:///workspace/app/src/main/java/io/legado/app/help/config/AppConfig.kt:842:30 Unresolved reference 'externalFilesDir'.
e: file:///workspace/app/src/main/java/io/legado/app/service/HttpReadAloudService.kt:85:23 Unresolved reference 'externalFilesDir'.
e: file:///workspace/app/src/main/java/io/legado/app/service/HttpReadAloudService.kt:90:23 Unresolved reference 'externalFilesDir'.
e: file:///workspace/app/src/main/java/io/legado/app/ui/login/SourceLoginJsExtensions.kt:55:36 Unresolved reference 'externalFilesDir'.

> Task :app:copyRoomSchemas NO-SOURCE

[Incubating] Problems report is available at: file:///workspace/build/reports/problems/problems-report.html

FAILURE: Build failed with an exception.

* What went wrong:
Execution failed for task ':app:compileAppReleaseKotlin'.
> A failure occurred while executing org.jetbrains.kotlin.compilerRunner.GradleCompilerRunnerWithWorkers$GradleKotlinCompilerWorkAction
   > Compilation error. See log for more details

* Try:
> Run with --info or --debug option to get more log output.
> Run with --scan to get full insights.
> Get more help at https://help.gradle.org.

* Exception is:
org.gradle.api.tasks.TaskExecutionException: Execution failed for task ':app:compileAppReleaseKotlin'.
	at org.gradle.api.internal.tasks.execution.ExecuteActionsTaskExecuter.lambda$executeIfValid$1(ExecuteActionsTaskExecuter.java:130)
	at org.gradle.internal.Try$Failure.ifSuccessfulOrElse(Try.java:293)
	at org.gradle.api.internal.tasks.execution.ExecuteActionsTaskExecuter.executeIfValid(ExecuteActionsTaskExecuter.java:128)
	at org.gradle.api.internal.tasks.execution.ExecuteActionsTaskExecuter.execute(ExecuteActionsTaskExecuter.java:116)
	at org.gradle.api.internal.tasks.execution.ProblemsTaskPathTrackingTaskExecuter.execute(ProblemsTaskPathTrackingTaskExecuter.java:41)
	at org.gradle.api.internal.tasks.execution.FinalizePropertiesTaskExecuter.execute(FinalizePropertiesTaskExecuter.java:46)
	at org.gradle.api.internal.tasks.execution.ResolveTaskExecutionModeExecuter.execute(ResolveTaskExecutionModeExecuter.java:51)
	at org.gradle.api.internal.tasks.execution.SkipTaskWithNoActionsExecuter.execute(SkipTaskWithNoActionsExecuter.java:57)
	at org.gradle.api.internal.tasks.execution.SkipOnlyIfTaskExecuter.execute(SkipOnlyIfTaskExecuter.java:74)
	at org.gradle.api.internal.tasks.execution.CatchExceptionTaskExecuter.execute(CatchExceptionTaskExecuter.java:36)
	at org.gradle.api.internal.tasks.execution.EventFiringTaskExecuter$1.executeTask(EventFiringTaskExecuter.java:77)
	at org.gradle.api.internal.tasks.execution.EventFiringTaskExecuter$1.call(EventFiringTaskExecuter.java:55)
	at org.gradle.api.internal.tasks.execution.EventFiringTaskExecuter$1.call(EventFiringTaskExecuter.java:52)
	at org.gradle.internal.operations.DefaultBuildOperationRunner$CallableBuildOperationWorker.execute(DefaultBuildOperationRunner.java:210)
	at org.gradle.internal.operations.DefaultBuildOperationRunner$CallableBuildOperationWorker.execute(DefaultBuildOperationRunner.java:205)
	at org.gradle.internal.operations.DefaultBuildOperationRunner$2.execute(DefaultBuildOperationRunner.java:67)
	at org.gradle.internal.operations.DefaultBuildOperationRunner$2.execute(DefaultBuildOperationRunner.java:60)
	at org.gradle.internal.operations.DefaultBuildOperationRunner.execute(DefaultBuildOperationRunner.java:167)
	at org.gradle.internal.operations.DefaultBuildOperationRunner.execute(DefaultBuildOperationRunner.java:60)
	at org.gradle.internal.operations.DefaultBuildOperationRunner.call(DefaultBuildOperationRunner.java:54)
	at org.gradle.api.internal.tasks.execution.EventFiringTaskExecuter.execute(EventFiringTaskExecuter.java:52)
	at org.gradle.execution.plan.LocalTaskNodeExecutor.execute(LocalTaskNodeExecutor.java:42)
	at org.gradle.execution.taskgraph.DefaultTaskExecutionGraph$InvokeNodeExecutorsAction.execute(DefaultTaskExecutionGraph.java:331)
	at org.gradle.execution.taskgraph.DefaultTaskExecutionGraph$InvokeNodeExecutorsAction.execute(DefaultTaskExecutionGraph.java:318)
	at org.gradle.execution.taskgraph.DefaultTaskExecutionGraph$BuildOperationAwareExecutionAction.lambda$execute$0(DefaultTaskExecutionGraph.java:314)
	at org.gradle.internal.operations.CurrentBuildOperationRef.with(CurrentBuildOperationRef.java:85)
	at org.gradle.execution.taskgraph.DefaultTaskExecutionGraph$BuildOperationAwareExecutionAction.execute(DefaultTaskExecutionGraph.java:314)
	at org.gradle.execution.taskgraph.DefaultTaskExecutionGraph$BuildOperationAwareExecutionAction.execute(DefaultTaskExecutionGraph.java:303)
	at org.gradle.execution.plan.DefaultPlanExecutor$ExecutorWorker.execute(DefaultPlanExecutor.java:459)
	at org.gradle.execution.plan.DefaultPlanExecutor$ExecutorWorker.run(DefaultPlanExecutor.java:376)
	at org.gradle.internal.concurrent.ExecutorPolicy$CatchAndRecordFailures.onExecute(ExecutorPolicy.java:64)
	at org.gradle.internal.concurrent.AbstractManagedExecutor$1.run(AbstractManagedExecutor.java:48)
Caused by: org.gradle.workers.internal.DefaultWorkerExecutor$WorkExecutionException: A failure occurred while executing org.jetbrains.kotlin.compilerRunner.GradleCompilerRunnerWithWorkers$GradleKotlinCompilerWorkAction
	at org.gradle.workers.internal.DefaultWorkerExecutor$WorkItemExecution.waitForCompletion(DefaultWorkerExecutor.java:287)
	at org.gradle.internal.work.DefaultAsyncWorkTracker.lambda$waitForItemsAndGatherFailures$2(DefaultAsyncWorkTracker.java:130)
	at org.gradle.internal.Factories$1.create(Factories.java:31)
	at org.gradle.internal.work.DefaultWorkerLeaseService.withoutLocks(DefaultWorkerLeaseService.java:335)
	at org.gradle.internal.work.DefaultWorkerLeaseService.withoutLocks(DefaultWorkerLeaseService.java:318)
	at org.gradle.internal.work.DefaultWorkerLeaseService.withoutLock(DefaultWorkerLeaseService.java:323)
	at org.gradle.internal.work.DefaultAsyncWorkTracker.waitForItemsAndGatherFailures(DefaultAsyncWorkTracker.java:126)
	at org.gradle.internal.work.DefaultAsyncWorkTracker.waitForItemsAndGatherFailures(DefaultAsyncWorkTracker.java:92)
	at org.gradle.internal.work.DefaultAsyncWorkTracker.waitForAll(DefaultAsyncWorkTracker.java:78)
	at org.gradle.internal.work.DefaultAsyncWorkTracker.waitForCompletion(DefaultAsyncWorkTracker.java:66)
	at org.gradle.api.internal.tasks.execution.TaskExecution$3.run(TaskExecution.java:252)
	at org.gradle.internal.operations.DefaultBuildOperationRunner$1.execute(DefaultBuildOperationRunner.java:30)
	at org.gradle.internal.operations.DefaultBuildOperationRunner$1.execute(DefaultBuildOperationRunner.java:27)
	at org.gradle.internal.operations.DefaultBuildOperationRunner$2.execute(DefaultBuildOperationRunner.java:67)
	at org.gradle.internal.operations.DefaultBuildOperationRunner$2.execute(DefaultBuildOperationRunner.java:60)
	at org.gradle.internal.operations.DefaultBuildOperationRunner.execute(DefaultBuildOperationRunner.java:167)
	at org.gradle.internal.operations.DefaultBuildOperationRunner.execute(DefaultBuildOperationRunner.java:60)
	at org.gradle.internal.operations.DefaultBuildOperationRunner.run(DefaultBuildOperationRunner.java:48)
	at org.gradle.api.internal.tasks.execution.TaskExecution.executeAction(TaskExecution.java:229)
	at org.gradle.api.internal.tasks.execution.TaskExecution.executeActions(TaskExecution.java:212)
	at org.gradle.api.internal.tasks.execution.TaskExecution.executeWithPreviousOutputFiles(TaskExecution.java:195)
	at org.gradle.api.internal.tasks.execution.TaskExecution.execute(TaskExecution.java:162)
	at org.gradle.internal.execution.steps.ExecuteStep.executeInternal(ExecuteStep.java:105)
	at org.gradle.internal.execution.steps.ExecuteStep.access$000(ExecuteStep.java:44)
	at org.gradle.internal.execution.steps.ExecuteStep$1.call(ExecuteStep.java:59)
	at org.gradle.internal.execution.steps.ExecuteStep$1.call(ExecuteStep.java:56)
	at org.gradle.internal.operations.DefaultBuildOperationRunner$CallableBuildOperationWorker.execute(DefaultBuildOperationRunner.java:210)
	at org.gradle.internal.operations.DefaultBuildOperationRunner$CallableBuildOperationWorker.execute(DefaultBuildOperationRunner.java:205)
	at org.gradle.internal.operations.DefaultBuildOperationRunner$2.execute(DefaultBuildOperationRunner.java:67)
	at org.gradle.internal.operations.DefaultBuildOperationRunner$2.execute(DefaultBuildOperationRunner.java:60)
	at org.gradle.internal.operations.DefaultBuildOperationRunner.execute(DefaultBuildOperationRunner.java:167)
	at org.gradle.internal.operations.DefaultBuildOperationRunner.execute(DefaultBuildOperationRunner.java:60)
	at org.gradle.internal.operations.DefaultBuildOperationRunner.call(DefaultBuildOperationRunner.java:54)
	at org.gradle.internal.execution.steps.ExecuteStep.execute(ExecuteStep.java:56)
	at org.gradle.internal.execution.steps.ExecuteStep.execute(ExecuteStep.java:44)
	at org.gradle.internal.execution.steps.CancelExecutionStep.execute(CancelExecutionStep.java:42)
	at org.gradle.internal.execution.steps.TimeoutStep.executeWithoutTimeout(TimeoutStep.java:75)
	at org.gradle.internal.execution.steps.TimeoutStep.execute(TimeoutStep.java:55)
	at org.gradle.internal.execution.steps.PreCreateOutputParentsStep.execute(PreCreateOutputParentsStep.java:50)
	at org.gradle.internal.execution.steps.PreCreateOutputParentsStep.execute(PreCreateOutputParentsStep.java:28)
	at org.gradle.internal.execution.steps.RemovePreviousOutputsStep.execute(RemovePreviousOutputsStep.java:67)
	at org.gradle.internal.execution.steps.RemovePreviousOutputsStep.execute(RemovePreviousOutputsStep.java:37)
	at org.gradle.internal.execution.steps.BroadcastChangingOutputsStep.execute(BroadcastChangingOutputsStep.java:61)
	at org.gradle.internal.execution.steps.BroadcastChangingOutputsStep.execute(BroadcastChangingOutputsStep.java:26)
	at org.gradle.internal.execution.steps.CaptureOutputsAfterExecutionStep.execute(CaptureOutputsAfterExecutionStep.java:69)
	at org.gradle.internal.execution.steps.CaptureOutputsAfterExecutionStep.execute(CaptureOutputsAfterExecutionStep.java:46)
	at org.gradle.internal.execution.steps.ResolveInputChangesStep.execute(ResolveInputChangesStep.java:40)
	at org.gradle.internal.execution.steps.ResolveInputChangesStep.execute(ResolveInputChangesStep.java:29)
	at org.gradle.internal.execution.steps.BuildCacheStep.executeWithoutCache(BuildCacheStep.java:189)
	at org.gradle.internal.execution.steps.BuildCacheStep.executeAndStoreInCache(BuildCacheStep.java:145)
	at org.gradle.internal.execution.steps.BuildCacheStep.lambda$executeWithCache$4(BuildCacheStep.java:101)
	at org.gradle.internal.execution.steps.BuildCacheStep.lambda$executeWithCache$5(BuildCacheStep.java:101)
	at org.gradle.internal.Try$Success.map(Try.java:175)
	at org.gradle.internal.execution.steps.BuildCacheStep.executeWithCache(BuildCacheStep.java:85)
	at org.gradle.internal.execution.steps.BuildCacheStep.lambda$execute$0(BuildCacheStep.java:74)
	at org.gradle.internal.Either$Left.fold(Either.java:115)
	at org.gradle.internal.execution.caching.CachingState.fold(CachingState.java:62)
	at org.gradle.internal.execution.steps.BuildCacheStep.execute(BuildCacheStep.java:73)
	at org.gradle.internal.execution.steps.BuildCacheStep.execute(BuildCacheStep.java:48)
	at org.gradle.internal.execution.steps.StoreExecutionStateStep.execute(StoreExecutionStateStep.java:46)
	at org.gradle.internal.execution.steps.StoreExecutionStateStep.execute(StoreExecutionStateStep.java:35)
	at org.gradle.internal.execution.steps.SkipUpToDateStep.executeBecause(SkipUpToDateStep.java:75)
	at org.gradle.internal.execution.steps.SkipUpToDateStep.lambda$execute$2(SkipUpToDateStep.java:53)
	at org.gradle.internal.execution.steps.SkipUpToDateStep.execute(SkipUpToDateStep.java:53)
	at org.gradle.internal.execution.steps.SkipUpToDateStep.execute(SkipUpToDateStep.java:35)
	at org.gradle.internal.execution.steps.legacy.MarkSnapshottingInputsFinishedStep.execute(MarkSnapshottingInputsFinishedStep.java:37)
	at org.gradle.internal.execution.steps.legacy.MarkSnapshottingInputsFinishedStep.execute(MarkSnapshottingInputsFinishedStep.java:27)
	at org.gradle.internal.execution.steps.ResolveIncrementalCachingStateStep.executeDelegate(ResolveIncrementalCachingStateStep.java:49)
	at org.gradle.internal.execution.steps.ResolveIncrementalCachingStateStep.executeDelegate(ResolveIncrementalCachingStateStep.java:27)
	at org.gradle.internal.execution.steps.AbstractResolveCachingStateStep.execute(AbstractResolveCachingStateStep.java:71)
	at org.gradle.internal.execution.steps.AbstractResolveCachingStateStep.execute(AbstractResolveCachingStateStep.java:39)
	at org.gradle.internal.execution.steps.ResolveChangesStep.execute(ResolveChangesStep.java:65)
	at org.gradle.internal.execution.steps.ResolveChangesStep.execute(ResolveChangesStep.java:36)
	at org.gradle.internal.execution.steps.ValidateStep.execute(ValidateStep.java:107)
	at org.gradle.internal.execution.steps.ValidateStep.execute(ValidateStep.java:56)
	at org.gradle.internal.execution.steps.AbstractCaptureStateBeforeExecutionStep.execute(AbstractCaptureStateBeforeExecutionStep.java:64)
	at org.gradle.internal.execution.steps.AbstractCaptureStateBeforeExecutionStep.execute(AbstractCaptureStateBeforeExecutionStep.java:43)
	at org.gradle.internal.execution.steps.AbstractSkipEmptyWorkStep.executeWithNonEmptySources(AbstractSkipEmptyWorkStep.java:125)
	at org.gradle.internal.execution.steps.AbstractSkipEmptyWorkStep.execute(AbstractSkipEmptyWorkStep.java:61)
	at org.gradle.internal.execution.steps.AbstractSkipEmptyWorkStep.execute(AbstractSkipEmptyWorkStep.java:36)
	at org.gradle.internal.execution.steps.legacy.MarkSnapshottingInputsStartedStep.execute(MarkSnapshottingInputsStartedStep.java:38)
	at org.gradle.internal.execution.steps.LoadPreviousExecutionStateStep.execute(LoadPreviousExecutionStateStep.java:36)
	at org.gradle.internal.execution.steps.LoadPreviousExecutionStateStep.execute(LoadPreviousExecutionStateStep.java:23)
	at org.gradle.internal.execution.steps.HandleStaleOutputsStep.execute(HandleStaleOutputsStep.java:75)
	at org.gradle.internal.execution.steps.HandleStaleOutputsStep.execute(HandleStaleOutputsStep.java:41)
	at org.gradle.internal.execution.steps.AssignMutableWorkspaceStep.lambda$execute$0(AssignMutableWorkspaceStep.java:35)
	at org.gradle.api.internal.tasks.execution.TaskExecution$4.withWorkspace(TaskExecution.java:289)
	at org.gradle.internal.execution.steps.AssignMutableWorkspaceStep.execute(AssignMutableWorkspaceStep.java:31)
	at org.gradle.internal.execution.steps.AssignMutableWorkspaceStep.execute(AssignMutableWorkspaceStep.java:22)
	at org.gradle.internal.execution.steps.ChoosePipelineStep.execute(ChoosePipelineStep.java:40)
	at org.gradle.internal.execution.steps.ChoosePipelineStep.execute(ChoosePipelineStep.java:23)
	at org.gradle.internal.execution.steps.ExecuteWorkBuildOperationFiringStep.lambda$execute$2(ExecuteWorkBuildOperationFiringStep.java:67)
	at org.gradle.internal.execution.steps.ExecuteWorkBuildOperationFiringStep.execute(ExecuteWorkBuildOperationFiringStep.java:67)
	at org.gradle.internal.execution.steps.ExecuteWorkBuildOperationFiringStep.execute(ExecuteWorkBuildOperationFiringStep.java:39)
	at org.gradle.internal.execution.steps.IdentityCacheStep.execute(IdentityCacheStep.java:46)
	at org.gradle.internal.execution.steps.IdentityCacheStep.execute(IdentityCacheStep.java:34)
	at org.gradle.internal.execution.steps.IdentifyStep.execute(IdentifyStep.java:48)
	at org.gradle.internal.execution.steps.IdentifyStep.execute(IdentifyStep.java:35)
	at org.gradle.internal.execution.impl.DefaultExecutionEngine$1.execute(DefaultExecutionEngine.java:64)
	at org.gradle.api.internal.tasks.execution.ExecuteActionsTaskExecuter.executeIfValid(ExecuteActionsTaskExecuter.java:127)
	at org.gradle.api.internal.tasks.execution.ExecuteActionsTaskExecuter.execute(ExecuteActionsTaskExecuter.java:116)
	at org.gradle.api.internal.tasks.execution.ProblemsTaskPathTrackingTaskExecuter.execute(ProblemsTaskPathTrackingTaskExecuter.java:41)
	at org.gradle.api.internal.tasks.execution.FinalizePropertiesTaskExecuter.execute(FinalizePropertiesTaskExecuter.java:46)
	at org.gradle.api.internal.tasks.execution.ResolveTaskExecutionModeExecuter.execute(ResolveTaskExecutionModeExecuter.java:51)
	at org.gradle.api.internal.tasks.execution.SkipTaskWithNoActionsExecuter.execute(SkipTaskWithNoActionsExecuter.java:57)
	at org.gradle.api.internal.tasks.execution.SkipOnlyIfTaskExecuter.execute(SkipOnlyIfTaskExecuter.java:74)
	at org.gradle.api.internal.tasks.execution.CatchExceptionTaskExecuter.execute(CatchExceptionTaskExecuter.java:36)
	at org.gradle.api.internal.tasks.execution.EventFiringTaskExecuter$1.executeTask(EventFiringTaskExecuter.java:77)
	at org.gradle.api.internal.tasks.execution.EventFiringTaskExecuter$1.call(EventFiringTaskExecuter.java:55)
	at org.gradle.api.internal.tasks.execution.EventFiringTaskExecuter$1.call(EventFiringTaskExecuter.java:52)
	at org.gradle.internal.operations.DefaultBuildOperationRunner$CallableBuildOperationWorker.execute(DefaultBuildOperationRunner.java:210)
	at org.gradle.internal.operations.DefaultBuildOperationRunner$CallableBuildOperationWorker.execute(DefaultBuildOperationRunner.java:205)
	at org.gradle.internal.operations.DefaultBuildOperationRunner$2.execute(DefaultBuildOperationRunner.java:67)
	at org.gradle.internal.operations.DefaultBuildOperationRunner$2.execute(DefaultBuildOperationRunner.java:60)
	at org.gradle.internal.operations.DefaultBuildOperationRunner.execute(DefaultBuildOperationRunner.java:167)
	at org.gradle.internal.operations.DefaultBuildOperationRunner.execute(DefaultBuildOperationRunner.java:60)
	at org.gradle.internal.operations.DefaultBuildOperationRunner.call(DefaultBuildOperationRunner.java:54)
	at org.gradle.api.internal.tasks.execution.EventFiringTaskExecuter.execute(EventFiringTaskExecuter.java:52)
	at org.gradle.execution.plan.LocalTaskNodeExecutor.execute(LocalTaskNodeExecutor.java:42)
	at org.gradle.execution.taskgraph.DefaultTaskExecutionGraph$InvokeNodeExecutorsAction.execute(DefaultTaskExecutionGraph.java:331)
	at org.gradle.execution.taskgraph.DefaultTaskExecutionGraph$InvokeNodeExecutorsAction.execute(DefaultTaskExecutionGraph.java:318)
	at org.gradle.execution.taskgraph.DefaultTaskExecutionGraph$BuildOperationAwareExecutionAction.lambda$execute$0(DefaultTaskExecutionGraph.java:314)
	at org.gradle.internal.operations.CurrentBuildOperationRef.with(CurrentBuildOperationRef.java:85)
	at org.gradle.execution.taskgraph.DefaultTaskExecutionGraph$BuildOperationAwareExecutionAction.execute(DefaultTaskExecutionGraph.java:314)
	at org.gradle.execution.taskgraph.DefaultTaskExecutionGraph$BuildOperationAwareExecutionAction.execute(DefaultTaskExecutionGraph.java:303)
	at org.gradle.execution.plan.DefaultPlanExecutor$ExecutorWorker.execute(DefaultPlanExecutor.java:459)
	at org.gradle.execution.plan.DefaultPlanExecutor$ExecutorWorker.run(DefaultPlanExecutor.java:376)
	at org.gradle.internal.concurrent.ExecutorPolicy$CatchAndRecordFailures.onExecute(ExecutorPolicy.java:64)
	at org.gradle.internal.concurrent.AbstractManagedExecutor$1.run(AbstractManagedExecutor.java:48)
Caused by: org.jetbrains.kotlin.gradle.tasks.CompilationErrorException: Compilation error. See log for more details
	at org.jetbrains.kotlin.gradle.tasks.TasksUtilsKt.throwExceptionIfCompilationFailed(tasksUtils.kt:21)
	at org.jetbrains.kotlin.compilerRunner.GradleKotlinCompilerWork.run(GradleKotlinCompilerWork.kt:112)
	at org.jetbrains.kotlin.compilerRunner.GradleCompilerRunnerWithWorkers$GradleKotlinCompilerWorkAction.execute(GradleCompilerRunnerWithWorkers.kt:75)
	at org.gradle.workers.internal.DefaultWorkerServer.execute(DefaultWorkerServer.java:63)
	at org.gradle.workers.internal.NoIsolationWorkerFactory$1$1.create(NoIsolationWorkerFactory.java:66)
	at org.gradle.workers.internal.NoIsolationWorkerFactory$1$1.create(NoIsolationWorkerFactory.java:62)
	at org.gradle.internal.classloader.ClassLoaderUtils.executeInClassloader(ClassLoaderUtils.java:100)
	at org.gradle.workers.internal.NoIsolationWorkerFactory$1.lambda$execute$0(NoIsolationWorkerFactory.java:62)
	at org.gradle.workers.internal.AbstractWorker$1.call(AbstractWorker.java:44)
	at org.gradle.workers.internal.AbstractWorker$1.call(AbstractWorker.java:41)
	at org.gradle.internal.operations.DefaultBuildOperationRunner$CallableBuildOperationWorker.execute(DefaultBuildOperationRunner.java:210)
	at org.gradle.internal.operations.DefaultBuildOperationRunner$CallableBuildOperationWorker.execute(DefaultBuildOperationRunner.java:205)
	at org.gradle.internal.operations.DefaultBuildOperationRunner$2.execute(DefaultBuildOperationRunner.java:67)
	at org.gradle.internal.operations.DefaultBuildOperationRunner$2.execute(DefaultBuildOperationRunner.java:60)
	at org.gradle.internal.operations.DefaultBuildOperationRunner.execute(DefaultBuildOperationRunner.java:167)
	at org.gradle.internal.operations.DefaultBuildOperationRunner.execute(DefaultBuildOperationRunner.java:60)
	at org.gradle.internal.operations.DefaultBuildOperationRunner.call(DefaultBuildOperationRunner.java:54)
	at org.gradle.workers.internal.AbstractWorker.executeWrappedInBuildOperation(AbstractWorker.java:41)
	at org.gradle.workers.internal.NoIsolationWorkerFactory$1.execute(NoIsolationWorkerFactory.java:59)
	at org.gradle.workers.internal.DefaultWorkerExecutor.lambda$submitWork$0(DefaultWorkerExecutor.java:174)
	at org.gradle.internal.work.DefaultConditionalExecutionQueue$ExecutionRunner.runExecution(DefaultConditionalExecutionQueue.java:194)
	at org.gradle.internal.work.DefaultConditionalExecutionQueue$ExecutionRunner.access$700(DefaultConditionalExecutionQueue.java:127)
	at org.gradle.internal.work.DefaultConditionalExecutionQueue$ExecutionRunner$1.run(DefaultConditionalExecutionQueue.java:169)
	at org.gradle.internal.Factories$1.create(Factories.java:31)
	at org.gradle.internal.work.DefaultWorkerLeaseService.withLocks(DefaultWorkerLeaseService.java:263)
	at org.gradle.internal.work.DefaultWorkerLeaseService.runAsWorkerThread(DefaultWorkerLeaseService.java:127)
	at org.gradle.internal.work.DefaultWorkerLeaseService.runAsWorkerThread(DefaultWorkerLeaseService.java:132)
	at org.gradle.internal.work.DefaultConditionalExecutionQueue$ExecutionRunner.runBatch(DefaultConditionalExecutionQueue.java:164)
	at org.gradle.internal.work.DefaultConditionalExecutionQueue$ExecutionRunner.run(DefaultConditionalExecutionQueue.java:133)
	... 2 more


Deprecated Gradle features were used in this build, making it incompatible with Gradle 9.0.

You can use '--warning-mode all' to show the individual deprecation warnings and determine if they come from your own scripts or plugins.

For more on this, please refer to https://docs.gradle.org/8.14.3/userguide/command_line_interface.html#sec:command_line_warnings in the Gradle documentation.

BUILD FAILED in 18s
107 actionable tasks: 9 executed, 98 up-to-date
