To honour the JVM settings for this build a single-use Daemon process will be forked. For more on this, please refer to https://docs.gradle.org/8.14.3/userguide/gradle_daemon.html#sec:disabling_the_daemon in the Gradle documentation.
Daemon will be stopped at the end of the build 
> Task :modules:rhino:preBuild UP-TO-DATE
> Task :modules:book:preBuild UP-TO-DATE
> Task :app:preBuild UP-TO-DATE
> Task :modules:book:preReleaseBuild UP-TO-DATE
> Task :modules:rhino:preReleaseBuild UP-TO-DATE
> Task :app:preAppReleaseBuild UP-TO-DATE
> Task :modules:rhino:mergeReleaseJniLibFolders UP-TO-DATE
> Task :modules:book:mergeReleaseJniLibFolders UP-TO-DATE
> Task :app:mergeAppReleaseJniLibFolders UP-TO-DATE
> Task :modules:rhino:mergeReleaseNativeLibs NO-SOURCE
> Task :modules:book:mergeReleaseNativeLibs NO-SOURCE
> Task :modules:rhino:copyReleaseJniLibsProjectOnly UP-TO-DATE
> Task :modules:book:copyReleaseJniLibsProjectOnly UP-TO-DATE
> Task :modules:rhino:checkKotlinGradlePluginConfigurationErrors SKIPPED
> Task :modules:book:checkKotlinGradlePluginConfigurationErrors SKIPPED
> Task :modules:rhino:generateReleaseResources UP-TO-DATE
> Task :modules:book:generateReleaseResources UP-TO-DATE
> Task :modules:rhino:packageReleaseResources UP-TO-DATE
> Task :modules:book:packageReleaseResources UP-TO-DATE
> Task :modules:rhino:processReleaseNavigationResources UP-TO-DATE
> Task :modules:book:processReleaseNavigationResources UP-TO-DATE
> Task :app:buildKotlinToolingMetadata UP-TO-DATE
> Task :modules:book:parseReleaseLocalResources UP-TO-DATE
> Task :modules:rhino:parseReleaseLocalResources UP-TO-DATE
> Task :modules:book:generateReleaseRFile UP-TO-DATE
> Task :modules:rhino:generateReleaseRFile UP-TO-DATE
> Task :modules:book:compileReleaseKotlin NO-SOURCE
> Task :modules:book:javaPreCompileRelease UP-TO-DATE
> Task :modules:book:compileReleaseJavaWithJavac UP-TO-DATE
> Task :modules:book:mergeReleaseGeneratedProguardFiles UP-TO-DATE
> Task :modules:book:exportReleaseConsumerProguardFiles UP-TO-DATE
> Task :modules:book:writeReleaseAarMetadata UP-TO-DATE
> Task :modules:book:extractDeepLinksRelease UP-TO-DATE
> Task :modules:book:processReleaseManifest UP-TO-DATE
> Task :modules:book:bundleLibCompileToJarRelease UP-TO-DATE
> Task :modules:book:prepareReleaseArtProfile UP-TO-DATE
> Task :modules:book:bundleLibRuntimeToJarRelease UP-TO-DATE
> Task :modules:rhino:compileReleaseKotlin UP-TO-DATE
> Task :modules:book:processReleaseJavaRes UP-TO-DATE
> Task :modules:book:generateReleaseAssets UP-TO-DATE
> Task :modules:rhino:javaPreCompileRelease UP-TO-DATE
> Task :modules:rhino:compileReleaseJavaWithJavac NO-SOURCE
> Task :modules:book:mergeReleaseAssets UP-TO-DATE
> Task :modules:rhino:mergeReleaseGeneratedProguardFiles UP-TO-DATE
> Task :modules:book:createFullJarRelease UP-TO-DATE
> Task :modules:rhino:exportReleaseConsumerProguardFiles UP-TO-DATE
> Task :modules:book:extractProguardFiles UP-TO-DATE
> Task :modules:rhino:writeReleaseAarMetadata UP-TO-DATE
> Task :modules:rhino:extractDeepLinksRelease UP-TO-DATE
> Task :modules:rhino:processReleaseManifest UP-TO-DATE
> Task :modules:book:generateReleaseLintModel UP-TO-DATE
> Task :modules:rhino:bundleLibCompileToJarRelease UP-TO-DATE
> Task :modules:book:prepareLintJarForPublish UP-TO-DATE
> Task :modules:rhino:prepareReleaseArtProfile UP-TO-DATE
> Task :modules:rhino:bundleLibRuntimeToJarRelease UP-TO-DATE
> Task :modules:book:checkReleaseAarMetadata UP-TO-DATE
> Task :modules:book:stripReleaseDebugSymbols NO-SOURCE
> Task :modules:book:copyReleaseJniLibsProjectAndLocalJars UP-TO-DATE
> Task :modules:rhino:processReleaseJavaRes UP-TO-DATE
> Task :modules:rhino:generateReleaseAssets UP-TO-DATE
> Task :modules:book:extractDeepLinksForAarRelease UP-TO-DATE
> Task :modules:rhino:mergeReleaseAssets UP-TO-DATE
> Task :modules:rhino:createFullJarRelease UP-TO-DATE
> Task :modules:rhino:extractProguardFiles UP-TO-DATE
> Task :modules:book:extractReleaseAnnotations UP-TO-DATE
> Task :modules:rhino:generateReleaseLintModel UP-TO-DATE
> Task :modules:book:mergeReleaseConsumerProguardFiles UP-TO-DATE
> Task :modules:rhino:prepareLintJarForPublish UP-TO-DATE
> Task :modules:book:mergeReleaseJavaResource UP-TO-DATE
> Task :modules:book:syncReleaseLibJars UP-TO-DATE
> Task :modules:rhino:checkReleaseAarMetadata UP-TO-DATE
> Task :modules:book:bundleReleaseLocalLintAar UP-TO-DATE
> Task :modules:rhino:stripReleaseDebugSymbols NO-SOURCE
> Task :modules:rhino:copyReleaseJniLibsProjectAndLocalJars UP-TO-DATE
> Task :modules:rhino:extractDeepLinksForAarRelease UP-TO-DATE
> Task :modules:book:lintVitalAnalyzeRelease UP-TO-DATE
> Task :modules:book:writeReleaseLintModelMetadata UP-TO-DATE
> Task :modules:book:generateReleaseLintVitalModel UP-TO-DATE
> Task :modules:rhino:extractReleaseAnnotations UP-TO-DATE
> Task :modules:rhino:mergeReleaseConsumerProguardFiles UP-TO-DATE
> Task :modules:rhino:mergeReleaseJavaResource UP-TO-DATE
> Task :modules:rhino:syncReleaseLibJars UP-TO-DATE
> Task :modules:rhino:bundleReleaseLocalLintAar UP-TO-DATE
> Task :modules:rhino:lintVitalAnalyzeRelease UP-TO-DATE
> Task :modules:rhino:writeReleaseLintModelMetadata UP-TO-DATE
> Task :modules:rhino:generateReleaseLintVitalModel UP-TO-DATE
> Task :app:mergeAppReleaseNativeLibs UP-TO-DATE
> Task :app:stripAppReleaseDebugSymbols UP-TO-DATE
> Task :app:extractAppReleaseNativeSymbolTables UP-TO-DATE
> Task :app:mergeAppReleaseNativeDebugMetadata NO-SOURCE
> Task :app:checkAppReleaseDuplicateClasses UP-TO-DATE
> Task :app:checkKotlinGradlePluginConfigurationErrors SKIPPED
> Task :app:dataBindingMergeDependencyArtifactsAppRelease UP-TO-DATE
> Task :app:generateAppReleaseResources
> Task :app:processAppReleaseGoogleServices UP-TO-DATE
> Task :app:packageAppReleaseResources
> Task :app:processAppReleaseNavigationResources
> Task :app:generateAppReleaseBuildConfig
> Task :app:checkAppReleaseAarMetadata UP-TO-DATE
> Task :app:compileAppReleaseNavigationResources UP-TO-DATE
> Task :app:mapAppReleaseSourceSetPaths
> Task :app:createAppReleaseCompatibleScreenManifests
> Task :app:extractDeepLinksAppRelease UP-TO-DATE
> Task :app:parseAppReleaseLocalResources
> Task :app:processAppReleaseMainManifest
> Task :app:processAppReleaseManifest
> Task :app:javaPreCompileAppRelease UP-TO-DATE
> Task :app:mergeAppReleaseArtProfile UP-TO-DATE
> Task :app:extractProguardFiles UP-TO-DATE
> Task :app:mergeAppReleaseStartupProfile UP-TO-DATE
> Task :app:generateAppReleaseAssets UP-TO-DATE
> Task :app:mergeAppReleaseAssets UP-TO-DATE
> Task :app:compressAppReleaseAssets UP-TO-DATE
> Task :app:extractAppReleaseVersionControlInfo
> Task :app:collectAppReleaseDependencies UP-TO-DATE
> Task :app:sdkAppReleaseDependencyData UP-TO-DATE
> Task :app:validateSigningAppRelease UP-TO-DATE
> Task :app:writeAppReleaseAppMetadata UP-TO-DATE
> Task :app:writeAppReleaseSigningConfigVersions UP-TO-DATE
> Task :app:processAppReleaseManifestForPackage
> Task :app:mergeAppReleaseResources
> Task :app:dataBindingGenBaseClassesAppRelease
> Task :app:processAppReleaseResources
> Task :app:kspAppReleaseKotlin

> Task :app:compileAppReleaseKotlin
e: file:///workspace/app/src/main/java/io/legado/app/ui/book/toc/ChapterListAdapter.kt:223:74 Unresolved reference 'tv_text_secondary'.

> Task :app:compileAppReleaseKotlin FAILED
> Task :app:copyRoomSchemas NO-SOURCE

[Incubating] Problems report is available at: file:///workspace/build/reports/problems/problems-report.html

FAILURE: Build failed with an exception.

* What went wrong:
Execution failed for task ':app:compileAppReleaseKotlin'.
> A failure occurred while executing org.jetbrains.kotlin.compilerRunner.GradleCompilerRunnerWithWorkers$GradleKotlinCompilerWorkAction
   > Compilation error. See log for more details

* Try:
> Run with --stacktrace option to get the stack trace.
> Run with --info or --debug option to get more log output.
> Run with --scan to get full insights.
> Get more help at https://help.gradle.org.

Deprecated Gradle features were used in this build, making it incompatible with Gradle 9.0.

You can use '--warning-mode all' to show the individual deprecation warnings and determine if they come from your own scripts or plugins.

For more on this, please refer to https://docs.gradle.org/8.14.3/userguide/command_line_interface.html#sec:command_line_warnings in the Gradle documentation.

BUILD FAILED in 54s
106 actionable tasks: 16 executed, 90 up-to-date
