To honour the JVM settings for this build a single-use Daemon process will be forked. For more on this, please refer to https://docs.gradle.org/8.14.3/userguide/gradle_daemon.html#sec:disabling_the_daemon in the Gradle documentation.
Daemon will be stopped at the end of the build 
Configuration on demand is an incubating feature.
> Task :app:preBuild UP-TO-DATE
> Task :modules:book:preBuild UP-TO-DATE
> Task :modules:rhino:preBuild UP-TO-DATE
> Task :modules:book:preReleaseBuild UP-TO-DATE
> Task :modules:rhino:preReleaseBuild UP-TO-DATE
> Task :app:preAppReleaseBuild UP-TO-DATE
> Task :modules:rhino:mergeReleaseJniLibFolders UP-TO-DATE
> Task :app:mergeAppReleaseJniLibFolders UP-TO-DATE
> Task :modules:book:mergeReleaseJniLibFolders UP-TO-DATE
> Task :modules:book:mergeReleaseNativeLibs NO-SOURCE
> Task :modules:rhino:mergeReleaseNativeLibs NO-SOURCE
> Task :modules:rhino:copyReleaseJniLibsProjectOnly UP-TO-DATE
> Task :modules:book:copyReleaseJniLibsProjectOnly UP-TO-DATE
> Task :modules:book:checkKotlinGradlePluginConfigurationErrors SKIPPED
> Task :modules:rhino:checkKotlinGradlePluginConfigurationErrors SKIPPED
> Task :modules:book:generateReleaseResources UP-TO-DATE
> Task :modules:rhino:generateReleaseResources UP-TO-DATE
> Task :modules:book:packageReleaseResources UP-TO-DATE
> Task :modules:rhino:packageReleaseResources UP-TO-DATE
> Task :modules:rhino:processReleaseNavigationResources UP-TO-DATE
> Task :modules:book:processReleaseNavigationResources UP-TO-DATE
> Task :app:buildKotlinToolingMetadata UP-TO-DATE
> Task :modules:rhino:parseReleaseLocalResources UP-TO-DATE
> Task :modules:book:parseReleaseLocalResources UP-TO-DATE
> Task :modules:rhino:generateReleaseRFile UP-TO-DATE
> Task :modules:book:generateReleaseRFile UP-TO-DATE
> Task :modules:book:compileReleaseKotlin NO-SOURCE
> Task :modules:book:javaPreCompileRelease UP-TO-DATE
> Task :modules:book:compileReleaseJavaWithJavac UP-TO-DATE
> Task :modules:book:mergeReleaseGeneratedProguardFiles UP-TO-DATE
> Task :modules:book:exportReleaseConsumerProguardFiles UP-TO-DATE
> Task :modules:book:writeReleaseAarMetadata UP-TO-DATE
> Task :modules:book:extractDeepLinksRelease UP-TO-DATE
> Task :modules:book:processReleaseManifest UP-TO-DATE
> Task :modules:book:bundleLibCompileToJarRelease UP-TO-DATE
> Task :modules:book:prepareReleaseArtProfile UP-TO-DATE
> Task :modules:book:bundleLibRuntimeToJarRelease UP-TO-DATE
> Task :modules:rhino:compileReleaseKotlin UP-TO-DATE
> Task :modules:book:processReleaseJavaRes UP-TO-DATE
> Task :modules:book:generateReleaseAssets UP-TO-DATE
> Task :modules:rhino:javaPreCompileRelease UP-TO-DATE
> Task :modules:book:mergeReleaseAssets UP-TO-DATE
> Task :modules:book:createFullJarRelease UP-TO-DATE
> Task :modules:rhino:compileReleaseJavaWithJavac NO-SOURCE
> Task :modules:book:extractProguardFiles UP-TO-DATE
> Task :modules:rhino:mergeReleaseGeneratedProguardFiles UP-TO-DATE
> Task :modules:rhino:exportReleaseConsumerProguardFiles UP-TO-DATE
> Task :modules:rhino:writeReleaseAarMetadata UP-TO-DATE
> Task :modules:rhino:extractDeepLinksRelease UP-TO-DATE
> Task :modules:rhino:processReleaseManifest UP-TO-DATE
> Task :modules:rhino:bundleLibCompileToJarRelease UP-TO-DATE
> Task :modules:rhino:prepareReleaseArtProfile UP-TO-DATE
> Task :modules:book:generateReleaseLintModel UP-TO-DATE
> Task :modules:rhino:bundleLibRuntimeToJarRelease UP-TO-DATE
> Task :modules:book:prepareLintJarForPublish UP-TO-DATE
> Task :modules:rhino:processReleaseJavaRes UP-TO-DATE
> Task :modules:rhino:generateReleaseAssets UP-TO-DATE
> Task :modules:book:checkReleaseAarMetadata UP-TO-DATE
> Task :modules:book:stripReleaseDebugSymbols NO-SOURCE
> Task :modules:rhino:mergeReleaseAssets UP-TO-DATE
> Task :modules:book:copyReleaseJniLibsProjectAndLocalJars UP-TO-DATE
> Task :modules:rhino:createFullJarRelease UP-TO-DATE
> Task :modules:book:extractDeepLinksForAarRelease UP-TO-DATE
> Task :modules:rhino:extractProguardFiles UP-TO-DATE
> Task :modules:rhino:generateReleaseLintModel UP-TO-DATE
> Task :modules:rhino:prepareLintJarForPublish UP-TO-DATE
> Task :modules:book:extractReleaseAnnotations UP-TO-DATE
> Task :modules:book:mergeReleaseConsumerProguardFiles UP-TO-DATE
> Task :modules:book:mergeReleaseJavaResource UP-TO-DATE
> Task :modules:book:syncReleaseLibJars UP-TO-DATE
> Task :modules:rhino:checkReleaseAarMetadata UP-TO-DATE
> Task :modules:rhino:stripReleaseDebugSymbols NO-SOURCE
> Task :modules:rhino:copyReleaseJniLibsProjectAndLocalJars UP-TO-DATE
> Task :modules:book:bundleReleaseLocalLintAar UP-TO-DATE
> Task :modules:rhino:extractDeepLinksForAarRelease UP-TO-DATE
> Task :modules:book:lintVitalAnalyzeRelease UP-TO-DATE
> Task :modules:rhino:extractReleaseAnnotations UP-TO-DATE
> Task :modules:rhino:mergeReleaseConsumerProguardFiles UP-TO-DATE
> Task :modules:book:writeReleaseLintModelMetadata UP-TO-DATE
> Task :modules:rhino:mergeReleaseJavaResource UP-TO-DATE
> Task :modules:rhino:syncReleaseLibJars UP-TO-DATE
> Task :modules:rhino:bundleReleaseLocalLintAar UP-TO-DATE
> Task :modules:book:generateReleaseLintVitalModel UP-TO-DATE
> Task :modules:rhino:lintVitalAnalyzeRelease UP-TO-DATE
> Task :modules:rhino:writeReleaseLintModelMetadata UP-TO-DATE
> Task :modules:rhino:generateReleaseLintVitalModel UP-TO-DATE
> Task :app:mergeAppReleaseNativeLibs UP-TO-DATE
> Task :app:stripAppReleaseDebugSymbols UP-TO-DATE
> Task :app:extractAppReleaseNativeSymbolTables UP-TO-DATE
> Task :app:mergeAppReleaseNativeDebugMetadata NO-SOURCE
> Task :app:checkAppReleaseDuplicateClasses UP-TO-DATE
> Task :app:checkKotlinGradlePluginConfigurationErrors SKIPPED
> Task :app:dataBindingMergeDependencyArtifactsAppRelease UP-TO-DATE
> Task :app:generateAppReleaseResources UP-TO-DATE
> Task :app:processAppReleaseGoogleServices UP-TO-DATE
> Task :app:mergeAppReleaseResources UP-TO-DATE
> Task :app:packageAppReleaseResources UP-TO-DATE
> Task :app:processAppReleaseNavigationResources UP-TO-DATE
> Task :app:parseAppReleaseLocalResources UP-TO-DATE
> Task :app:dataBindingGenBaseClassesAppRelease UP-TO-DATE
> Task :app:generateAppReleaseBuildConfig UP-TO-DATE
> Task :app:checkAppReleaseAarMetadata UP-TO-DATE
> Task :app:compileAppReleaseNavigationResources UP-TO-DATE
> Task :app:mapAppReleaseSourceSetPaths UP-TO-DATE
> Task :app:createAppReleaseCompatibleScreenManifests UP-TO-DATE
> Task :app:extractDeepLinksAppRelease UP-TO-DATE
> Task :app:processAppReleaseMainManifest UP-TO-DATE
> Task :app:processAppReleaseManifest UP-TO-DATE
> Task :app:processAppReleaseManifestForPackage UP-TO-DATE
> Task :app:processAppReleaseResources UP-TO-DATE
> Task :app:javaPreCompileAppRelease UP-TO-DATE
> Task :app:mergeAppReleaseArtProfile UP-TO-DATE
> Task :app:extractProguardFiles UP-TO-DATE
> Task :app:mergeAppReleaseStartupProfile UP-TO-DATE
> Task :app:generateAppReleaseAssets UP-TO-DATE
> Task :app:mergeAppReleaseAssets UP-TO-DATE
> Task :app:compressAppReleaseAssets UP-TO-DATE
> Task :app:extractAppReleaseVersionControlInfo UP-TO-DATE
> Task :app:collectAppReleaseDependencies UP-TO-DATE
> Task :app:sdkAppReleaseDependencyData UP-TO-DATE
> Task :app:validateSigningAppRelease UP-TO-DATE
> Task :app:writeAppReleaseAppMetadata UP-TO-DATE
> Task :app:writeAppReleaseSigningConfigVersions UP-TO-DATE
> Task :app:kspAppReleaseKotlin

> Task :app:compileAppReleaseKotlin
w: file:///workspace/app/src/main/java/io/legado/app/App.kt:75:25 'static fun setThreadAssertsDisabledForTesting(disabled: Boolean): Unit' is deprecated. Deprecated in Java.
w: file:///workspace/app/src/main/java/io/legado/app/help/GlideImageGetter.kt:199:46 'val opacity: Int' is deprecated. Deprecated in Java.
w: file:///workspace/app/src/main/java/io/legado/app/help/config/ThemeConfig.kt:131:13 'when' is exhaustive so 'else' is redundant here.
w: file:///workspace/app/src/main/java/io/legado/app/help/gsyVideo/BiliDanmukuParser.kt:236:33 Condition is always 'true'.
w: file:///workspace/app/src/main/java/io/legado/app/help/update/AppUpdateGitee.kt:40:28 Unnecessary safe call on a non-null receiver of type 'ResponseBody'.
w: file:///workspace/app/src/main/java/io/legado/app/model/localBook/LocalBook.kt:257:33 Unnecessary safe call on a non-null receiver of type 'String'.
w: file:///workspace/app/src/main/java/io/legado/app/service/AudioPlayService.kt:535:32 'static field FLAG_HANDLES_MEDIA_BUTTONS: Int' is deprecated. Deprecated in Java.
w: file:///workspace/app/src/main/java/io/legado/app/service/AudioPlayService.kt:536:40 'static field FLAG_HANDLES_TRANSPORT_CONTROLS: Int' is deprecated. Deprecated in Java.
w: file:///workspace/app/src/main/java/io/legado/app/service/BgmAIService.kt:165:41 Unnecessary safe call on a non-null receiver of type 'ResponseBody'.
w: file:///workspace/app/src/main/java/io/legado/app/service/VideoPlayService.kt:196:36 'static field FLAG_HANDLES_MEDIA_BUTTONS: Int' is deprecated. Deprecated in Java.
w: file:///workspace/app/src/main/java/io/legado/app/service/VideoPlayService.kt:197:44 'static field FLAG_HANDLES_TRANSPORT_CONTROLS: Int' is deprecated. Deprecated in Java.
w: file:///workspace/app/src/main/java/io/legado/app/ui/about/UpdateDialog.kt:62:25 Condition is always 'true'.
w: file:///workspace/app/src/main/java/io/legado/app/ui/book/read/config/CharacterManagerDialog.kt:10:8 'class PreferenceManager : Any' is deprecated. Deprecated in Java.
w: file:///workspace/app/src/main/java/io/legado/app/ui/book/read/config/CharacterManagerDialog.kt:461:21 'class PreferenceManager : Any' is deprecated. Deprecated in Java.
w: file:///workspace/app/src/main/java/io/legado/app/ui/book/read/config/CharacterManagerDialog.kt:461:39 'static fun getDefaultSharedPreferences(p0: Context!): SharedPreferences!' is deprecated. Deprecated in Java.
w: file:///workspace/app/src/main/java/io/legado/app/ui/book/read/config/CharacterManagerDialog.kt:466:21 'class PreferenceManager : Any' is deprecated. Deprecated in Java.
w: file:///workspace/app/src/main/java/io/legado/app/ui/book/read/config/CharacterManagerDialog.kt:466:39 'static fun getDefaultSharedPreferences(p0: Context!): SharedPreferences!' is deprecated. Deprecated in Java.
w: file:///workspace/app/src/main/java/io/legado/app/ui/book/read/config/SpeakEngineDialog.kt:241:32 This is a delicate API and its use requires care. Make sure you fully read and understand documentation of the declaration that is marked as a delicate API.
w: file:///workspace/app/src/main/java/io/legado/app/utils/AudioConvertUtil.kt:161:64 Redundant call of conversion method.
w: file:///workspace/app/src/main/java/io/legado/app/utils/AudioConvertUtil.kt:172:53 Redundant call of conversion method.

> Task :app:compileAppReleaseJavaWithJavac
> Task :app:mergeAppReleaseGeneratedProguardFiles UP-TO-DATE
> Task :app:processAppReleaseJavaRes UP-TO-DATE
> Task :app:mergeAppReleaseJavaResource UP-TO-DATE
> Task :app:copyRoomSchemas NO-SOURCE
> Task :app:generateAppReleaseLintVitalReportModel
> Task :app:expandAppReleaseArtProfileWildcards
> Task :app:lintVitalAnalyzeAppRelease
> Task :app:minifyAppReleaseWithR8
> Task :app:lintVitalReportAppRelease UP-TO-DATE
> Task :app:lintVitalAppRelease
> Task :app:compileAppReleaseArtProfile
> Task :app:convertShrunkResourcesToBinaryAppRelease
> Task :app:optimizeAppReleaseResources
> Task :app:packageAppRelease
> Task :app:createAppReleaseApkListingFileRedirect
> Task :app:assembleAppRelease
> Task :app:assembleRelease

[Incubating] Problems report is available at: file:///workspace/build/reports/problems/problems-report.html

Deprecated Gradle features were used in this build, making it incompatible with Gradle 9.0.

You can use '--warning-mode all' to show the individual deprecation warnings and determine if they come from your own scripts or plugins.

For more on this, please refer to https://docs.gradle.org/8.14.3/userguide/command_line_interface.html#sec:command_line_warnings in the Gradle documentation.

BUILD SUCCESSFUL in 2m 53s
121 actionable tasks: 13 executed, 108 up-to-date
